---
source: pulldown-cmark-mdcat/tests/render.rs
assertion_line: 158
expression: "replace_system_specific_urls(render_to_string(markdown_file, &ansi_settings))"
input_file: pulldown-cmark-mdcat/tests/markdown/samples/lists.md
---
Lists without paragraphs:

• first item
• second item
  • Nested list:
     1. ordered nested
     2. second item

  • with another item

• long item: Lorem ipsum dolor sit amet, consetetur sadipscing elitr, sed diam
  nonumy eirmod tempor invidunt ut labore et dolore magna aliquyam erat, sed
  diam voluptua. At vero eos et accusam et justo duo dolores et ea rebum. Stet
  clita kasd gubergren, no sea takimata sanctus est Lorem ipsum dolor sit amet.
  Lorem ipsum dolor sit amet, consetetur sadipscing elitr, sed diam nonumy
  eirmod tempor invidunt ut labore et dolore magna aliquyam erat, sed diam
  voluptua. At vero eos et accusam et justo duo dolores et ea rebum. Stet clita
  kasd gubergren, no sea takimata sanctus est Lorem ipsum dolor sit amet.

Lists with paragraphs

• first item

• second item

  This item then has a nested list:

  • Nested list:

     1. ordered nested

        also with paragraphs

     2. second item

  • with another item

• long item: Lorem ipsum dolor sit amet, consetetur sadipscing elitr, sed diam
  nonumy eirmod tempor invidunt ut labore et dolore magna aliquyam erat, sed
  diam voluptua. At vero eos et accusam et justo duo dolores et ea rebum. Stet
  clita kasd gubergren, no sea takimata sanctus est Lorem ipsum dolor sit amet.
  Lorem ipsum dolor sit amet, consetetur sadipscing elitr, sed diam nonumy
  eirmod tempor invidunt ut labore et dolore magna aliquyam erat, sed diam
  voluptua. At vero eos et accusam et justo duo dolores et ea rebum. Stet clita
  kasd gubergren, no sea takimata sanctus est Lorem ipsum dolor sit amet.

  with long second paragraph: Lorem ipsum dolor sit amet, consetetur sadipscing
  elitr, sed diam nonumy eirmod tempor invidunt ut labore et dolore magna
  aliquyam erat, sed diam voluptua. At vero eos et accusam et justo duo dolores
  et ea rebum. Stet clita kasd gubergren, no sea takimata sanctus est Lorem
  ipsum dolor sit amet. Lorem ipsum dolor sit amet, consetetur sadipscing elitr,
  sed diam nonumy eirmod tempor invidunt ut labore et dolore magna aliquyam
  erat, sed diam voluptua. At vero eos et accusam et justo duo dolores et ea
  rebum. Stet clita kasd gubergren, no sea takimata sanctus est Lorem ipsum
  dolor sit amet.

A mixture of lists

• Lorem impsum

   1. Nested
   2. Inline
      • With

      • Some

        This is a paragraph!

      • Nested

      • Bullets

   3. Text

• dolor sit amet

  • Another nested lists
  • here!
