---
source: pulldown-cmark-mdcat/tests/render.rs
assertion_line: 158
expression: "replace_system_specific_urls(render_to_string(markdown_file, &ansi_settings))"
input_file: pulldown-cmark-mdcat/tests/markdown/commonmark-spec/483-links.md
---
]8;;file://HOSTNAME/WORKING_DIRECTORY/tests/markdown/commonmark-spec/target.md\]8;;\
