---
source: pulldown-cmark-mdcat/tests/render.rs
assertion_line: 158
expression: "replace_system_specific_urls(render_to_string(markdown_file, &ansi_settings))"
input_file: pulldown-cmark-mdcat/tests/markdown/commonmark-spec/421-emphasis_and_strong_emphasis.md
---
[1mfoo[0m ]8;;file://HOSTNAME/ROOT/url\[1m[34mbar[0m]8;;\
