---
source: pulldown-cmark-mdcat/tests/render.rs
assertion_line: 158
expression: "replace_system_specific_urls(render_to_string(markdown_file, &ansi_settings))"
input_file: pulldown-cmark-mdcat/tests/markdown/commonmark-spec/253-list_items.md
---
A paragraph with two lines.

[32m────────────────────[0m
[33mindented code
[0m[32m────────────────────[0m

    [3mA block quote.[0m
