---
source: pulldown-cmark-mdcat/tests/render.rs
assertion_line: 123
expression: "render_to_string(markdown_file, &ansi_settings)"
input_file: pulldown-cmark-mdcat/tests/markdown/commonmark-spec/572-images.md
---
]8;;file://HOSTNAME/WORKING_DIRECTORY/tests/markdown/commonmark-spec/train.jpg\[35mfoo[0m[3m[35m bar[0m]8;;\
