---
source: pulldown-cmark-mdcat/tests/render.rs
assertion_line: 158
expression: "replace_system_specific_urls(render_to_string(markdown_file, &ansi_settings))"
input_file: pulldown-cmark-mdcat/tests/markdown/commonmark-spec/506-links.md
---
]8;;file://HOSTNAME/ROOT/url%C2%A0%22title%22\[34mlink[0m]8;;\
