---
source: pulldown-cmark-mdcat/tests/render.rs
assertion_line: 123
expression: "render_to_string(markdown_file, &ansi_settings)"
input_file: pulldown-cmark-mdcat/tests/markdown/commonmark-spec/100-setext_headings.md
---
[32m────────────────────[0m
[33mfoo
[0m[32m────────────────────[0m

[32m════════════════════════════════════════════════════════════════════════════════[0m
