---
source: pulldown-cmark-mdcat/tests/render.rs
assertion_line: 123
expression: "render_to_string(markdown_file, &ansi_settings)"
input_file: pulldown-cmark-mdcat/tests/markdown/commonmark-spec/537-links.md
---
[foo]8;;http://example.com/?search=][ref]\[34mhttp://example.com/?search=][ref][0m]8;;\
