---
source: pulldown-cmark-mdcat/tests/render.rs
assertion_line: 158
expression: "replace_system_specific_urls(render_to_string(markdown_file, &ansi_settings))"
input_file: pulldown-cmark-mdcat/tests/markdown/commonmark-spec/615-raw_html.md
---
[32m<a foo="bar" bam = 'baz <em>"</em>'
_boolean zoop:33=zoop:33 />[0m
