---
source: pulldown-cmark-mdcat/tests/render.rs
assertion_line: 158
expression: "replace_system_specific_urls(render_to_string(markdown_file, &ansi_settings))"
input_file: pulldown-cmark-mdcat/tests/markdown/commonmark-spec/289-list_items.md
---
[32m────────────────────[0m
[33m1.  A paragraph
[0m[33m    with two lines.
[0m[33m
[0m[33m        indented code
[0m[33m
[0m[33m    > A block quote.
[0m[32m────────────────────[0m
