---
source: pulldown-cmark-mdcat/tests/render.rs
assertion_line: 123
expression: "render_to_string(markdown_file, &ansi_settings)"
input_file: pulldown-cmark-mdcat/tests/markdown/commonmark-spec/195-link_reference_definitions.md
---
]8;;file://HOSTNAME/WORKING_DIRECTORY/tests/markdown/commonmark-spec/my%20url\[34mFoo bar[0m]8;;\
