---
source: pulldown-cmark-mdcat/tests/render.rs
assertion_line: 158
expression: "replace_system_specific_urls(render_to_string(markdown_file, &ansi_settings))"
input_file: pulldown-cmark-mdcat/tests/markdown/commonmark-spec/602-autolinks.md
---
]8;;http://example.com//[/\[34mhttp://example.com/\[\[0m]8;;\
