---
source: pulldown-cmark-mdcat/tests/render.rs
assertion_line: 122
expression: "render_to_string(markdown_file, &dumb_settings)"
input_file: pulldown-cmark-mdcat/tests/markdown/samples/links.md
---
Lorem ipsum dolor sit amet, consetetur sadipscing elitr, sed diam nonumy eirmod
tempor invidunt ut labore et dolore magna aliquyam erat (http://www.example.com/
autolink), sed diam voluptua (hello@example.com).

Lorem ipsum dolor sit amet, consetetur sadipscing[1] elitr, sed diam nonumy eirmod
tempor invidunt ut labore et dolore magna aliquyam erat, sed diam voluptua. At
vero eos et accusam et justo duo dolores[2] et ea rebum. Stet clita kasd gubergren,
no sea takimata sanctus[3] est Lorem ipsum dolor sit amet.

[1]: http://www.example.com/inline
[2]: http://www.example.com/reference
[3]: ./showcase.md
