---
source: pulldown-cmark-mdcat/tests/render.rs
assertion_line: 124
expression: "render_to_string(markdown_file, &iterm2_settings)"
input_file: pulldown-cmark-mdcat/tests/markdown/commonmark-spec/116-indented_code_blocks.md
---
[32m────────────────────[0m
[33m    foo
[0m[33mbar
[0m[32m────────────────────[0m
