---
source: pulldown-cmark-mdcat/tests/render.rs
assertion_line: 124
expression: "render_to_string(markdown_file, &iterm2_settings)"
input_file: pulldown-cmark-mdcat/tests/markdown/commonmark-spec/500-links.md
---
]8;;file://HOSTNAME/WORKING_DIRECTORY/tests/markdown/commonmark-spec/#fragment\[34mlink[0m]8;;\

]8;;http://example.com/#fragment\[34mlink[0m]8;;\

]8;;http://example.com/?foo=3#frag\[34mlink[0m]8;;\
