---
source: pulldown-cmark-mdcat/tests/render.rs
assertion_line: 124
expression: "render_to_string(markdown_file, &iterm2_settings)"
input_file: pulldown-cmark-mdcat/tests/markdown/commonmark-spec/172-html_blocks.md
---
[32m<style
[0m[32m  type="text/css">
[0m[32mh1 {color:red;}
[0m[32m
[0m[32mp {color:blue;}
[0m[32m</style>
[0m
okay
