---
source: pulldown-cmark-mdcat/tests/render.rs
assertion_line: 124
expression: "render_to_string(markdown_file, &iterm2_settings)"
input_file: pulldown-cmark-mdcat/tests/markdown/commonmark-spec/190-html_blocks.md
---
[32m<table>
[0m[32m<tr>
[0m[32m<td>
[0m[32mHi
[0m[32m</td>
[0m[32m</tr>
[0m[32m</table>
[0m
