---
source: pulldown-cmark-mdcat/tests/render.rs
assertion_line: 159
expression: "replace_system_specific_urls(render_to_string(markdown_file,\n&iterm2_settings))"
input_file: pulldown-cmark-mdcat/tests/markdown/commonmark-spec/202-link_reference_definitions.md
---
]8;;file://HOSTNAME/ROOT/url/bar*baz\[34mfoo[0m]8;;\
